Copyright 1986-2018 Xilinx, Inc. All Rights Reserved.
------------------------------------------------------------------------------------
| Tool Version : Vivado v.2018.3 (lin64) Build 2405991 Thu Dec  6 23:36:41 MST 2018
| Date         : Fri Jul 29 18:22:46 2022
| Host         : 9b3282d6ad1d running 64-bit Ubuntu 18.04.5 LTS
| Command      : report_control_sets -verbose -file mm_control_sets_placed.rpt
| Design       : mm
| Device       : xc7z020
------------------------------------------------------------------------------------

Control Set Information

Table of Contents
-----------------
1. Summary
2. Histogram
3. Flip-Flop Distribution
4. Detailed Control Set Information

1. Summary
----------

+----------------------------------------------------------+-------+
|                          Status                          | Count |
+----------------------------------------------------------+-------+
| Number of unique control sets                            |   166 |
| Unused register locations in slices containing registers |    18 |
+----------------------------------------------------------+-------+


2. Histogram
------------

+--------+--------------+
| Fanout | Control Sets |
+--------+--------------+
|      7 |            2 |
|    16+ |          164 |
+--------+--------------+


3. Flip-Flop Distribution
-------------------------

+--------------+-----------------------+------------------------+-----------------+--------------+
| Clock Enable | Synchronous Set/Reset | Asynchronous Set/Reset | Total Registers | Total Slices |
+--------------+-----------------------+------------------------+-----------------+--------------+
| No           | No                    | No                     |             390 |          163 |
| No           | No                    | Yes                    |               0 |            0 |
| No           | Yes                   | No                     |            2000 |          739 |
| Yes          | No                    | No                     |             194 |           66 |
| Yes          | No                    | Yes                    |               0 |            0 |
| Yes          | Yes                   | No                     |            2190 |          642 |
+--------------+-----------------------+------------------------+-----------------+--------------+


4. Detailed Control Set Information
-----------------------------------

+--------------+----------------------------------------------------------------------+-------------------------------------+------------------+----------------+
| Clock Signal |                             Enable Signal                            |           Set/Reset Signal          | Slice Load Count | Bel Load Count |
+--------------+----------------------------------------------------------------------+-------------------------------------+------------------+----------------+
| ~mm_clk      | mm2s_inst/read_addr0                                                 | s2mm_inst/ram_B[7].read_ram_B/SR[0] |                2 |              7 |
| ~mm_clk      | s2mm_inst/write_addr[6]_i_1_n_0                                      | s2mm_inst/ram_B[7].read_ram_B/SR[0] |                1 |              7 |
| ~mm_fclk     | systolic_inst/genblk1[5].genblk1[2].pe_inst/out_data[15]_i_1__35_n_0 | s2mm_inst/start_multiply_reg_0      |                4 |             16 |
| ~mm_fclk     | systolic_inst/genblk1[4].genblk1[2].pe_inst/out_data[15]_i_1__28_n_0 | s2mm_inst/start_multiply_reg_0      |                2 |             16 |
| ~mm_fclk     | systolic_inst/genblk1[4].genblk1[3].pe_inst/out_data[15]_i_1__29_n_0 | s2mm_inst/start_multiply_reg_0      |                5 |             16 |
| ~mm_fclk     | systolic_inst/genblk1[4].genblk1[4].pe_inst/out_data[15]_i_1__30_n_0 | s2mm_inst/start_multiply_reg_0      |                5 |             16 |
| ~mm_fclk     | systolic_inst/genblk1[4].genblk1[5].pe_inst/out_data[15]_i_1__31_n_0 | s2mm_inst/start_multiply_reg_0      |                3 |             16 |
| ~mm_fclk     | systolic_inst/genblk1[4].genblk1[6].pe_inst/out_data[15]_i_1__32_n_0 | s2mm_inst/start_multiply_reg_0      |                4 |             16 |
| ~mm_fclk     | systolic_inst/genblk1[4].genblk1[7].pe_inst/out_data[15]_i_1__33_n_0 | s2mm_inst/start_multiply_reg_0      |                3 |             16 |
| ~mm_fclk     | systolic_inst/genblk1[0].genblk1[5].pe_inst/out_data[15]_i_1__3_n_0  | s2mm_inst/start_multiply_reg_0      |                3 |             16 |
| ~mm_fclk     | systolic_inst/genblk1[5].genblk1[1].pe_inst/out_data[15]_i_1__34_n_0 | s2mm_inst/start_multiply_reg_0      |                3 |             16 |
| ~mm_fclk     | systolic_inst/genblk1[4].genblk1[1].pe_inst/out_data[15]_i_1__27_n_0 | s2mm_inst/start_multiply_reg_0      |                2 |             16 |
| ~mm_fclk     | systolic_inst/genblk1[5].genblk1[3].pe_inst/out_data[15]_i_1__36_n_0 | s2mm_inst/start_multiply_reg_0      |                3 |             16 |
| ~mm_fclk     | systolic_inst/genblk1[5].genblk1[4].pe_inst/out_data[15]_i_1__37_n_0 | s2mm_inst/start_multiply_reg_0      |                5 |             16 |
| ~mm_fclk     | systolic_inst/genblk1[5].genblk1[5].pe_inst/out_data[15]_i_1__38_n_0 | s2mm_inst/start_multiply_reg_0      |                2 |             16 |
| ~mm_fclk     | systolic_inst/genblk1[5].genblk1[6].pe_inst/out_data[15]_i_1__39_n_0 | s2mm_inst/start_multiply_reg_0      |                2 |             16 |
| ~mm_fclk     | systolic_inst/genblk1[5].genblk1[7].pe_inst/out_data[15]_i_1__40_n_0 | s2mm_inst/start_multiply_reg_0      |                3 |             16 |
| ~mm_fclk     | systolic_inst/genblk1[6].genblk1[1].pe_inst/out_data[15]_i_1__41_n_0 | s2mm_inst/start_multiply_reg_0      |                4 |             16 |
| ~mm_fclk     | systolic_inst/genblk1[6].genblk1[2].pe_inst/out_data[15]_i_1__42_n_0 | s2mm_inst/start_multiply_reg_0      |                6 |             16 |
| ~mm_fclk     | systolic_inst/genblk1[0].genblk1[6].pe_inst/out_data[15]_i_1__4_n_0  | s2mm_inst/start_multiply_reg_0      |                4 |             16 |
| ~mm_fclk     | systolic_inst/genblk1[6].genblk1[3].pe_inst/out_data[15]_i_1__43_n_0 | s2mm_inst/start_multiply_reg_0      |                4 |             16 |
| ~mm_fclk     | systolic_inst/genblk1[2].genblk1[7].pe_inst/out_data[15]_i_1__19_n_0 | s2mm_inst/start_multiply_reg_0      |                3 |             16 |
| ~mm_fclk     | systolic_inst/genblk1[1].genblk1[5].pe_inst/out_data[15]_i_1__10_n_0 | s2mm_inst/start_multiply_reg_0      |                3 |             16 |
| ~mm_fclk     | systolic_inst/genblk1[1].genblk1[6].pe_inst/out_data[15]_i_1__11_n_0 | s2mm_inst/start_multiply_reg_0      |                7 |             16 |
| ~mm_fclk     | systolic_inst/genblk1[1].genblk1[7].pe_inst/out_data[15]_i_1__12_n_0 | s2mm_inst/start_multiply_reg_0      |                5 |             16 |
| ~mm_fclk     | systolic_inst/genblk1[2].genblk1[2].pe_inst/out_data[15]_i_1__14_n_0 | s2mm_inst/start_multiply_reg_0      |                4 |             16 |
| ~mm_fclk     | systolic_inst/genblk1[2].genblk1[3].pe_inst/out_data[15]_i_1__15_n_0 | s2mm_inst/start_multiply_reg_0      |                5 |             16 |
| ~mm_fclk     | systolic_inst/genblk1[2].genblk1[4].pe_inst/out_data[15]_i_1__16_n_0 | s2mm_inst/start_multiply_reg_0      |                2 |             16 |
| ~mm_fclk     | systolic_inst/genblk1[0].genblk1[3].pe_inst/out_data[15]_i_1__1_n_0  | s2mm_inst/start_multiply_reg_0      |                3 |             16 |
| ~mm_fclk     | systolic_inst/genblk1[2].genblk1[5].pe_inst/out_data[15]_i_1__17_n_0 | s2mm_inst/start_multiply_reg_0      |                2 |             16 |
| ~mm_fclk     | systolic_inst/genblk1[2].genblk1[6].pe_inst/out_data[15]_i_1__18_n_0 | s2mm_inst/start_multiply_reg_0      |                6 |             16 |
| ~mm_fclk     | systolic_inst/genblk1[6].genblk1[5].pe_inst/out_data[15]_i_1__45_n_0 | s2mm_inst/start_multiply_reg_0      |                2 |             16 |
| ~mm_fclk     | systolic_inst/genblk1[3].genblk1[1].pe_inst/out_data[15]_i_1__20_n_0 | s2mm_inst/start_multiply_reg_0      |                4 |             16 |
| ~mm_fclk     | systolic_inst/genblk1[3].genblk1[2].pe_inst/out_data[15]_i_1__21_n_0 | s2mm_inst/start_multiply_reg_0      |                2 |             16 |
| ~mm_fclk     | systolic_inst/genblk1[3].genblk1[3].pe_inst/out_data[15]_i_1__22_n_0 | s2mm_inst/start_multiply_reg_0      |                3 |             16 |
| ~mm_fclk     | systolic_inst/genblk1[3].genblk1[4].pe_inst/out_data[15]_i_1__23_n_0 | s2mm_inst/start_multiply_reg_0      |                3 |             16 |
| ~mm_fclk     | systolic_inst/genblk1[3].genblk1[5].pe_inst/out_data[15]_i_1__24_n_0 | s2mm_inst/start_multiply_reg_0      |                3 |             16 |
| ~mm_fclk     | systolic_inst/genblk1[3].genblk1[6].pe_inst/out_data[15]_i_1__25_n_0 | s2mm_inst/start_multiply_reg_0      |                3 |             16 |
| ~mm_fclk     | systolic_inst/genblk1[0].genblk1[4].pe_inst/out_data[15]_i_1__2_n_0  | s2mm_inst/start_multiply_reg_0      |                2 |             16 |
| ~mm_fclk     | systolic_inst/genblk1[3].genblk1[7].pe_inst/out_data[15]_i_1__26_n_0 | s2mm_inst/start_multiply_reg_0      |                3 |             16 |
| ~mm_clk      | mm2s_inst/ram_D[6].write_ram_D/p_11_out                              | s2mm_inst/ram_B[7].read_ram_B/SR[0] |                8 |             16 |
| ~mm_clk      | mm2s_inst/ram_D[0].write_ram_D/p_43_out                              | s2mm_inst/ram_B[7].read_ram_B/SR[0] |                5 |             16 |
| ~mm_clk      | s2mm_inst/ram_A[6].read_ram_A/p_0_in__5                              |                                     |                2 |             16 |
| ~mm_clk      | s2mm_inst/ram_A[7].read_ram_A/p_0_in__6                              |                                     |                2 |             16 |
| ~mm_clk      | mm2s_inst/ram_D[4].write_ram_D/p_23_out                              | s2mm_inst/ram_B[7].read_ram_B/SR[0] |                5 |             16 |
| ~mm_clk      | s2mm_inst/ram_B[1].read_ram_B/p_0_in__8                              |                                     |                2 |             16 |
| ~mm_clk      | s2mm_inst/ram_A[0].read_ram_A/p_0_in__15                             |                                     |                2 |             16 |
| ~mm_clk      | s2mm_inst/ram_A[1].read_ram_A/p_0_in__0                              |                                     |                2 |             16 |
| ~mm_clk      | s2mm_inst/ram_A[2].read_ram_A/p_0_in__1                              |                                     |                2 |             16 |
| ~mm_clk      | mm2s_inst/ram_D[7].write_ram_D/p_5_out                               | s2mm_inst/ram_B[7].read_ram_B/SR[0] |                5 |             16 |
| ~mm_clk      | mm2s_inst/ram_D[1].write_ram_D/p_41_out                              | s2mm_inst/ram_B[7].read_ram_B/SR[0] |                6 |             16 |
| ~mm_clk      | s2mm_inst/ram_A[3].read_ram_A/p_0_in__2                              |                                     |                2 |             16 |
| ~mm_clk      | mm2s_inst/ram_D[3].write_ram_D/p_29_out                              | s2mm_inst/ram_B[7].read_ram_B/SR[0] |                5 |             16 |
| ~mm_clk      | s2mm_inst/ram_B[2].read_ram_B/p_0_in__9                              |                                     |                2 |             16 |
| ~mm_clk      | s2mm_inst/ram_B[3].read_ram_B/p_0_in__10                             |                                     |                2 |             16 |
| ~mm_clk      | s2mm_inst/ram_B[4].read_ram_B/p_0_in__11                             |                                     |                2 |             16 |
| ~mm_clk      | s2mm_inst/ram_B[5].read_ram_B/p_0_in__12                             |                                     |                2 |             16 |
| ~mm_clk      | s2mm_inst/ram_B[6].read_ram_B/p_0_in__13                             |                                     |                2 |             16 |
| ~mm_clk      | s2mm_inst/ram_B[7].read_ram_B/p_0_in__14                             |                                     |                2 |             16 |
| ~mm_fclk     | systolic_inst/genblk1[7].genblk1[6].pe_inst/out_data[15]_i_1__53_n_0 | s2mm_inst/start_multiply_reg_0      |                4 |             16 |
| ~mm_fclk     | systolic_inst/genblk1[2].genblk1[1].pe_inst/out_data[15]_i_1__13_n_0 | s2mm_inst/start_multiply_reg_0      |                3 |             16 |
| ~mm_fclk     | systolic_inst/genblk1[6].genblk1[6].pe_inst/out_data[15]_i_1__46_n_0 | s2mm_inst/start_multiply_reg_0      |                2 |             16 |
| ~mm_fclk     | systolic_inst/genblk1[6].genblk1[7].pe_inst/out_data[15]_i_1__47_n_0 | s2mm_inst/start_multiply_reg_0      |                3 |             16 |
| ~mm_fclk     | systolic_inst/genblk1[7].genblk1[1].pe_inst/out_data[15]_i_1__48_n_0 | s2mm_inst/start_multiply_reg_0      |                2 |             16 |
| ~mm_fclk     | systolic_inst/genblk1[7].genblk1[2].pe_inst/out_data[15]_i_1__49_n_0 | s2mm_inst/start_multiply_reg_0      |                3 |             16 |
| ~mm_fclk     | systolic_inst/genblk1[7].genblk1[3].pe_inst/out_data[15]_i_1__50_n_0 | s2mm_inst/start_multiply_reg_0      |                2 |             16 |
| ~mm_fclk     | systolic_inst/genblk1[7].genblk1[4].pe_inst/out_data[15]_i_1__51_n_0 | s2mm_inst/start_multiply_reg_0      |                2 |             16 |
| ~mm_fclk     | systolic_inst/genblk1[0].genblk1[7].pe_inst/out_data[15]_i_1__5_n_0  | s2mm_inst/start_multiply_reg_0      |                4 |             16 |
| ~mm_fclk     | systolic_inst/genblk1[7].genblk1[5].pe_inst/out_data[15]_i_1__52_n_0 | s2mm_inst/start_multiply_reg_0      |                3 |             16 |
| ~mm_fclk     | systolic_inst/genblk1[6].genblk1[4].pe_inst/out_data[15]_i_1__44_n_0 | s2mm_inst/start_multiply_reg_0      |                6 |             16 |
| ~mm_fclk     | systolic_inst/genblk1[7].genblk1[7].pe_inst/out_data[15]_i_1__54_n_0 | s2mm_inst/start_multiply_reg_0      |                5 |             16 |
| ~mm_fclk     | systolic_inst/genblk1[1].genblk1[1].pe_inst/out_data[15]_i_1__6_n_0  | s2mm_inst/start_multiply_reg_0      |                4 |             16 |
| ~mm_fclk     | systolic_inst/genblk1[1].genblk1[2].pe_inst/out_data[15]_i_1__7_n_0  | s2mm_inst/start_multiply_reg_0      |                3 |             16 |
| ~mm_clk      | s2mm_inst/ram_A[4].read_ram_A/p_0_in__3                              |                                     |                2 |             16 |
| ~mm_clk      | s2mm_inst/ram_B[0].read_ram_B/p_0_in__7                              |                                     |                2 |             16 |
| ~mm_clk      | mm2s_inst/ram_D[5].write_ram_D/p_17_out                              | s2mm_inst/ram_B[7].read_ram_B/SR[0] |                5 |             16 |
| ~mm_clk      | s2mm_inst/ram_A[5].read_ram_A/p_0_in__4                              |                                     |                2 |             16 |
| ~mm_clk      | mm2s_inst/ram_D[2].write_ram_D/p_35_out                              | s2mm_inst/ram_B[7].read_ram_B/SR[0] |                6 |             16 |
| ~mm_fclk     | s2mm_inst/start_multiply_reg_27                                      | s2mm_inst/start_multiply_reg_28     |                3 |             16 |
| ~mm_fclk     | s2mm_inst/start_multiply_reg_109                                     | s2mm_inst/start_multiply_reg_110    |                5 |             16 |
| ~mm_fclk     | s2mm_inst/start_multiply_reg_11                                      | s2mm_inst/start_multiply_reg_12     |                3 |             16 |
| ~mm_fclk     | s2mm_inst/start_multiply_reg_111                                     | s2mm_inst/start_multiply_reg_112    |                5 |             16 |
| ~mm_fclk     | s2mm_inst/start_multiply_reg_13                                      | s2mm_inst/start_multiply_reg_14     |                5 |             16 |
| ~mm_fclk     | s2mm_inst/start_multiply_reg_15                                      | s2mm_inst/start_multiply_reg_16     |                4 |             16 |
| ~mm_fclk     | s2mm_inst/start_multiply_reg_17                                      | s2mm_inst/start_multiply_reg_18     |                5 |             16 |
| ~mm_fclk     | s2mm_inst/start_multiply_reg_19                                      | s2mm_inst/start_multiply_reg_20     |                5 |             16 |
| ~mm_fclk     | s2mm_inst/start_multiply_reg_21                                      | s2mm_inst/start_multiply_reg_22     |                3 |             16 |
| ~mm_fclk     | s2mm_inst/start_multiply_reg_23                                      | s2mm_inst/start_multiply_reg_24     |                8 |             16 |
| ~mm_fclk     | s2mm_inst/start_multiply_reg_25                                      | s2mm_inst/start_multiply_reg_26     |                7 |             16 |
| ~mm_fclk     | s2mm_inst/start_multiply_reg_107                                     | s2mm_inst/start_multiply_reg_108    |                5 |             16 |
| ~mm_fclk     | s2mm_inst/start_multiply_reg_29                                      | s2mm_inst/start_multiply_reg_30     |                3 |             16 |
| ~mm_fclk     | s2mm_inst/start_multiply_reg_3                                       | s2mm_inst/start_multiply_reg_4      |                4 |             16 |
| ~mm_fclk     | s2mm_inst/start_multiply_reg_31                                      | s2mm_inst/start_multiply_reg_32     |                3 |             16 |
| ~mm_fclk     | s2mm_inst/start_multiply_reg_33                                      | s2mm_inst/start_multiply_reg_34     |                6 |             16 |
| ~mm_fclk     | s2mm_inst/start_multiply_reg_35                                      | s2mm_inst/start_multiply_reg_36     |                4 |             16 |
| ~mm_fclk     | s2mm_inst/start_multiply_reg_37                                      | s2mm_inst/start_multiply_reg_38     |                4 |             16 |
| ~mm_fclk     | s2mm_inst/start_multiply_reg_39                                      | s2mm_inst/start_multiply_reg_40     |                8 |             16 |
| ~mm_fclk     | s2mm_inst/start_multiply_reg_41                                      | s2mm_inst/start_multiply_reg_42     |                8 |             16 |
| ~mm_fclk     | s2mm_inst/start_multiply_reg_43                                      | s2mm_inst/start_multiply_reg_44     |                4 |             16 |
| ~mm_fclk     | s2mm_inst/mem_read_A_inst/genblk1[1].rd_en_bram_reg_reg[1]_0[0]      | s2mm_inst/ram_B[7].read_ram_B/SR[0] |                5 |             16 |
| ~mm_fclk     | systolic_inst/init_pe_r_reg[0][7]_0                                  | s2mm_inst/start_multiply_reg_0      |                7 |             16 |
| ~mm_fclk     | systolic_inst/p_1_in                                                 | s2mm_inst/start_multiply_reg_0      |                5 |             16 |
| ~mm_fclk     | systolic_inst/p_2_in                                                 | s2mm_inst/start_multiply_reg_0      |                6 |             16 |
| ~mm_fclk     | systolic_inst/p_3_in                                                 | s2mm_inst/start_multiply_reg_0      |                6 |             16 |
| ~mm_fclk     | systolic_inst/p_4_in                                                 | s2mm_inst/start_multiply_reg_0      |                8 |             16 |
| ~mm_fclk     | systolic_inst/p_5_in                                                 | s2mm_inst/start_multiply_reg_0      |                9 |             16 |
| ~mm_fclk     | systolic_inst/p_6_in                                                 | s2mm_inst/start_multiply_reg_0      |                8 |             16 |
| ~mm_fclk     | systolic_inst/p_0_in[0]                                              | s2mm_inst/start_multiply_reg_0      |                5 |             16 |
| ~mm_fclk     | s2mm_inst/mem_read_A_inst/E[0]                                       | s2mm_inst/ram_B[7].read_ram_B/SR[0] |                9 |             16 |
| ~mm_fclk     | systolic_inst/genblk1[1].genblk1[3].pe_inst/out_data[15]_i_1__8_n_0  | s2mm_inst/start_multiply_reg_0      |                3 |             16 |
| ~mm_fclk     | s2mm_inst/mem_read_A_inst/genblk1[3].rd_en_bram_reg_reg[3]_0[0]      | s2mm_inst/ram_B[7].read_ram_B/SR[0] |                4 |             16 |
| ~mm_fclk     | s2mm_inst/mem_read_A_inst/genblk1[4].rd_en_bram_reg_reg[4]_0[0]      | s2mm_inst/ram_B[7].read_ram_B/SR[0] |                4 |             16 |
| ~mm_fclk     | s2mm_inst/mem_read_A_inst/genblk1[5].rd_en_bram_reg_reg[5]_0[0]      | s2mm_inst/ram_B[7].read_ram_B/SR[0] |                7 |             16 |
| ~mm_fclk     | s2mm_inst/mem_read_A_inst/genblk1[6].rd_en_bram_reg_reg[6]_0[0]      | s2mm_inst/ram_B[7].read_ram_B/SR[0] |                4 |             16 |
| ~mm_fclk     | s2mm_inst/mem_read_A_inst/genblk1[7].rd_en_bram_reg_reg[7]_0[0]      | s2mm_inst/ram_B[7].read_ram_B/SR[0] |                8 |             16 |
| ~mm_fclk     | s2mm_inst/start_multiply_reg_1                                       | s2mm_inst/start_multiply_reg_2      |                7 |             16 |
| ~mm_fclk     | s2mm_inst/start_multiply_reg_101                                     | s2mm_inst/start_multiply_reg_102    |                3 |             16 |
| ~mm_fclk     | s2mm_inst/start_multiply_reg_103                                     | s2mm_inst/start_multiply_reg_104    |                6 |             16 |
| ~mm_fclk     | s2mm_inst/start_multiply_reg_105                                     | s2mm_inst/start_multiply_reg_106    |                6 |             16 |
| ~mm_fclk     | s2mm_inst/start_multiply_reg_9                                       | s2mm_inst/start_multiply_reg_10     |                7 |             16 |
| ~mm_fclk     | s2mm_inst/start_multiply_reg_73                                      | s2mm_inst/start_multiply_reg_74     |                7 |             16 |
| ~mm_fclk     | s2mm_inst/start_multiply_reg_75                                      | s2mm_inst/start_multiply_reg_76     |                3 |             16 |
| ~mm_fclk     | s2mm_inst/start_multiply_reg_77                                      | s2mm_inst/start_multiply_reg_78     |                5 |             16 |
| ~mm_fclk     | s2mm_inst/start_multiply_reg_79                                      | s2mm_inst/start_multiply_reg_80     |                8 |             16 |
| ~mm_fclk     | s2mm_inst/start_multiply_reg_81                                      | s2mm_inst/start_multiply_reg_82     |                5 |             16 |
| ~mm_fclk     | s2mm_inst/start_multiply_reg_83                                      | s2mm_inst/start_multiply_reg_84     |                5 |             16 |
| ~mm_fclk     | s2mm_inst/start_multiply_reg_85                                      | s2mm_inst/start_multiply_reg_86     |                6 |             16 |
| ~mm_fclk     | s2mm_inst/start_multiply_reg_87                                      | s2mm_inst/start_multiply_reg_88     |                6 |             16 |
| ~mm_fclk     | s2mm_inst/start_multiply_reg_89                                      | s2mm_inst/start_multiply_reg_90     |                7 |             16 |
| ~mm_fclk     | s2mm_inst/start_multiply_reg_47                                      | s2mm_inst/start_multiply_reg_48     |                8 |             16 |
| ~mm_fclk     | s2mm_inst/start_multiply_reg_91                                      | s2mm_inst/start_multiply_reg_92     |                7 |             16 |
| ~mm_fclk     | s2mm_inst/start_multiply_reg_93                                      | s2mm_inst/start_multiply_reg_94     |                3 |             16 |
| ~mm_fclk     | s2mm_inst/start_multiply_reg_95                                      | s2mm_inst/start_multiply_reg_96     |                3 |             16 |
| ~mm_fclk     | s2mm_inst/start_multiply_reg_97                                      | s2mm_inst/start_multiply_reg_98     |                4 |             16 |
| ~mm_fclk     | s2mm_inst/start_multiply_reg_99                                      | s2mm_inst/start_multiply_reg_100    |                5 |             16 |
| ~mm_fclk     | s2mm_inst/start_multiply_reg_n_0                                     | s2mm_inst/ram_B[7].read_ram_B/SR[0] |               10 |             16 |
| ~mm_fclk     | systolic_inst/genblk1[0].genblk1[1].pe_inst/out_data[15]_i_1_n_0     | s2mm_inst/start_multiply_reg_0      |                4 |             16 |
| ~mm_fclk     | systolic_inst/genblk1[0].genblk1[2].pe_inst/out_data[15]_i_1__0_n_0  | s2mm_inst/start_multiply_reg_0      |                4 |             16 |
| ~mm_fclk     | systolic_inst/genblk1[1].genblk1[4].pe_inst/out_data[15]_i_1__9_n_0  | s2mm_inst/start_multiply_reg_0      |                5 |             16 |
| ~mm_fclk     | s2mm_inst/start_multiply_reg_7                                       | s2mm_inst/start_multiply_reg_8      |                5 |             16 |
| ~mm_fclk     | s2mm_inst/start_multiply_reg_51                                      | s2mm_inst/start_multiply_reg_52     |                5 |             16 |
| ~mm_fclk     | s2mm_inst/start_multiply_reg_5                                       | s2mm_inst/start_multiply_reg_6      |                7 |             16 |
| ~mm_fclk     | s2mm_inst/start_multiply_reg_53                                      | s2mm_inst/start_multiply_reg_54     |                5 |             16 |
| ~mm_fclk     | s2mm_inst/start_multiply_reg_55                                      | s2mm_inst/start_multiply_reg_56     |                3 |             16 |
| ~mm_fclk     | s2mm_inst/start_multiply_reg_57                                      | s2mm_inst/start_multiply_reg_58     |                5 |             16 |
| ~mm_fclk     | s2mm_inst/start_multiply_reg_71                                      | s2mm_inst/start_multiply_reg_72     |                5 |             16 |
| ~mm_fclk     | s2mm_inst/start_multiply_reg_59                                      | s2mm_inst/start_multiply_reg_60     |                4 |             16 |
| ~mm_fclk     | s2mm_inst/start_multiply_reg_61                                      | s2mm_inst/start_multiply_reg_62     |                8 |             16 |
| ~mm_fclk     | s2mm_inst/start_multiply_reg_63                                      | s2mm_inst/start_multiply_reg_64     |                6 |             16 |
| ~mm_fclk     | s2mm_inst/start_multiply_reg_65                                      | s2mm_inst/start_multiply_reg_66     |                5 |             16 |
| ~mm_fclk     | s2mm_inst/start_multiply_reg_49                                      | s2mm_inst/start_multiply_reg_50     |                7 |             16 |
| ~mm_fclk     | s2mm_inst/start_multiply_reg_67                                      | s2mm_inst/start_multiply_reg_68     |                4 |             16 |
| ~mm_fclk     | s2mm_inst/start_multiply_reg_45                                      | s2mm_inst/start_multiply_reg_46     |                6 |             16 |
| ~mm_fclk     | s2mm_inst/start_multiply_reg_69                                      | s2mm_inst/start_multiply_reg_70     |                7 |             16 |
| ~mm_fclk     | systolic_inst/genblk1[5].genblk1[7].pe_inst/out_valid_reg_0          |                                     |                3 |             24 |
| ~mm_fclk     | systolic_inst/genblk1[1].genblk1[7].pe_inst/out_valid_reg_0          |                                     |                3 |             24 |
| ~mm_fclk     | systolic_inst/genblk1[2].genblk1[7].pe_inst/out_valid_reg_0          |                                     |                3 |             24 |
| ~mm_fclk     | systolic_inst/genblk1[6].genblk1[7].pe_inst/out_valid_reg_0          |                                     |                3 |             24 |
| ~mm_fclk     | systolic_inst/genblk1[0].genblk1[7].pe_inst/enA[0]                   |                                     |                3 |             24 |
| ~mm_fclk     | systolic_inst/genblk1[4].genblk1[7].pe_inst/out_valid_reg_0          |                                     |                3 |             24 |
| ~mm_fclk     | systolic_inst/genblk1[7].genblk1[7].pe_inst/out_valid_reg_0          |                                     |                3 |             24 |
| ~mm_fclk     | systolic_inst/genblk1[3].genblk1[7].pe_inst/out_valid_reg_0          |                                     |                3 |             24 |
| ~mm_fclk     |                                                                      |                                     |               82 |            131 |
| ~mm_clk      | m_axis_mm2s_tready                                                   |                                     |               66 |            194 |
| ~mm_clk      |                                                                      |                                     |               81 |            259 |
| ~mm_fclk     |                                                                      | s2mm_inst/start_multiply_reg_0      |              739 |           2000 |
+--------------+----------------------------------------------------------------------+-------------------------------------+------------------+----------------+


